* This is the StructMobWeight report file that is output every time the server starts.
* 
* Spawn Balance Utility (SBU) will use this file ONLY if it is renamed to StructMobWeight.csv.
* Lines starting with '*' are comments and ignored
* It allows you to add and remove mobs and adjust their spawnweights for Structures
* like shipwrecks, nether fortresses, water monuments, etc.
* 
1, more_critters:abandoned_bunbug_farm, HEADING, header:ignore, 0, 0, 0
2, foolish:abandoned_bunker, HEADING, header:ignore, 0, 0, 0
3, legendary_monsters:abandoned_crypt, HEADING, header:ignore, 0, 0, 0
4, red:abandoned_house, HEADING, header:ignore, 0, 0, 0
5, dungeons_arise:abandoned_temple, HEADING, header:ignore, 0, 0, 0
6, incendium:abandoned_tower, HEADING, header:ignore, 0, 0, 0
7, alexscaves:abyssal_ruins, HEADING, header:ignore, 0, 0, 0
8, alexscaves:abyssal_ruins, MONSTER, alexscaves:mine_guardian, 20, 1, 2
9, mvs:acacia_log_pile, HEADING, header:ignore, 0, 0, 0
10, mvs:acacia_tree, HEADING, header:ignore, 0, 0, 0
11, mvs:acacia_well, HEADING, header:ignore, 0, 0, 0
12, alexscaves:acid_pit, HEADING, header:ignore, 0, 0, 0
13, cataclysm:acropolis, HEADING, header:ignore, 0, 0, 0
14, minecraft:airship, HEADING, header:ignore, 0, 0, 0
15, minecraft:airshipwreck, HEADING, header:ignore, 0, 0, 0
16, underground_rooms:alchemy_room, HEADING, header:ignore, 0, 0, 0
17, irons_spellbooks:ancient_battleground, HEADING, header:ignore, 0, 0, 0
18, minecraft:ancient_city, HEADING, header:ignore, 0, 0, 0
19, cataclysm:ancient_factory, HEADING, header:ignore, 0, 0, 0
20, terramity:ancient_outcrop, HEADING, header:ignore, 0, 0, 0
21, legendary_monsters:ancient_stronghold, HEADING, header:ignore, 0, 0, 0
22, ati_structures:ancient_temple, HEADING, header:ignore, 0, 0, 0
23, deeperdarker:ancient_temple, HEADING, header:ignore, 0, 0, 0
24, legendary_monsters:ancient_tower_remains, HEADING, header:ignore, 0, 0, 0
25, ati_structures:ancient_vessel, HEADING, header:ignore, 0, 0, 0
26, mythsandlegends:ancient_vestiges, HEADING, header:ignore, 0, 0, 0
27, mythsandlegends:ancient_vestiges, MONSTER, mythsandlegends:possessed_armor, 20, 1, 1
28, traveloptics:aqua_mage_tower, HEADING, header:ignore, 0, 0, 0
29, ati_structures:arachnid_dwelling, HEADING, header:ignore, 0, 0, 0
30, ars_additions:arcane_library, HEADING, header:ignore, 0, 0, 0
31, ars_additions:arcane_library, MONSTER, ars_nouveau:wilden_guardian, 20, 5, 10
32, ars_additions:arcane_library, MONSTER, ars_nouveau:wilden_stalker, 20, 5, 10
33, ars_additions:arcane_library, MONSTER, ars_nouveau:wilden_hunter, 20, 5, 10
34, foolish:archaic_library, HEADING, header:ignore, 0, 0, 0
35, minecraft:archbishop_stronghold, HEADING, header:ignore, 0, 0, 0
36, foolish:ashen_temple, HEADING, header:ignore, 0, 0, 0
37, mes:astral_hideaway, HEADING, header:ignore, 0, 0, 0
38, mes:astral_meteorite, HEADING, header:ignore, 0, 0, 0
39, ati_structures:ati_stoneworks, HEADING, header:ignore, 0, 0, 0
40, mvs:azelea_house, HEADING, header:ignore, 0, 0, 0
41, hexerei:baba_yaga_hut, HEADING, header:ignore, 0, 0, 0
42, explorify:badlands_pyramid, HEADING, header:ignore, 0, 0, 0
43, vintagevibes:badlands_ruins, HEADING, header:ignore, 0, 0, 0
44, dungeons_arise:bandit_towers, HEADING, header:ignore, 0, 0, 0
45, dungeons_arise:bandit_village, HEADING, header:ignore, 0, 0, 0
46, mvs:barn, HEADING, header:ignore, 0, 0, 0
47, minecraft:bastion_remnant, HEADING, header:ignore, 0, 0, 0
48, dungeons_arise:bathhouse, HEADING, header:ignore, 0, 0, 0
49, mvs:beach_bar, HEADING, header:ignore, 0, 0, 0
50, red:beach_house, HEADING, header:ignore, 0, 0, 0
51, beachparty:beach_hut, HEADING, header:ignore, 0, 0, 0
52, mvs:bee_dome, HEADING, header:ignore, 0, 0, 0
53, tameablebeasts:beetle_nest, HEADING, header:ignore, 0, 0, 0
54, tameablebeasts:beetle_nest, CREATURE, tameablebeasts:tameable_beetle, 20, 1, 2
55, tameablebeasts:beetle_nest, CREATURE, tameablebeasts:ground_beetle, 20, 1, 2
56, mvs:bench, HEADING, header:ignore, 0, 0, 0
57, foolish:berserker_base, HEADING, header:ignore, 0, 0, 0
58, foolish:berserker_platform, HEADING, header:ignore, 0, 0, 0
59, giant_natural_additions:big_birch_tree, HEADING, header:ignore, 0, 0, 0
60, mvs:big_oak_tree, HEADING, header:ignore, 0, 0, 0
61, red:big_oracle, HEADING, header:ignore, 0, 0, 0
62, red:birch_deforestation, HEADING, header:ignore, 0, 0, 0
63, mvs:birch_log_pile, HEADING, header:ignore, 0, 0, 0
64, mss:birch_river, HEADING, header:ignore, 0, 0, 0
65, mvs:birch_tree, HEADING, header:ignore, 0, 0, 0
66, mvs:birch_well, HEADING, header:ignore, 0, 0, 0
67, goety:black_assembly, HEADING, header:ignore, 0, 0, 0
68, explorify:black_spiral, HEADING, header:ignore, 0, 0, 0
69, underground_rooms:blacksmith_room1, HEADING, header:ignore, 0, 0, 0
70, goety:blighted_shack, HEADING, header:ignore, 0, 0, 0
71, eeeabsmobs:bloody_altar, HEADING, header:ignore, 0, 0, 0
72, mvs:blue_stall, HEADING, header:ignore, 0, 0, 0
73, mvs:boulder, HEADING, header:ignore, 0, 0, 0
74, minecraft:brig, HEADING, header:ignore, 0, 0, 0
75, goety:buried_ritual, HEADING, header:ignore, 0, 0, 0
76, jellyfishing:buried_treasure, HEADING, header:ignore, 0, 0, 0
77, minecraft:buried_treasure, HEADING, header:ignore, 0, 0, 0
78, cataclysm:burning_arena, HEADING, header:ignore, 0, 0, 0
79, ocean_lily_pad_village:butcherhouse, HEADING, header:ignore, 0, 0, 0
80, alexscaves:cake_cave, HEADING, header:ignore, 0, 0, 0
81, mss:calcite_house, HEADING, header:ignore, 0, 0, 0
82, explorify:campsite, HEADING, header:ignore, 0, 0, 0
83, mvs:campsite, HEADING, header:ignore, 0, 0, 0
84, mvs:cart, HEADING, header:ignore, 0, 0, 0
85, mvs:cartographer_tower, HEADING, header:ignore, 0, 0, 0
86, sgjourney:cartouche/abydos_cartouche, HEADING, header:ignore, 0, 0, 0
87, sgjourney:cartouche/chulak_cartouche_monument, HEADING, header:ignore, 0, 0, 0
88, common_stargates:cartouche/red_sandstone_cartouche_monument, HEADING, header:ignore, 0, 0, 0
89, sgjourney:cartouche/red_sandstone_cartouche_monument, HEADING, header:ignore, 0, 0, 0
90, common_stargates:cartouche/sandstone_cartouche_monument, HEADING, header:ignore, 0, 0, 0
91, sgjourney:cartouche/sandstone_cartouche_monument, HEADING, header:ignore, 0, 0, 0
92, common_stargates:cartouche/stone_cartouche_monument, HEADING, header:ignore, 0, 0, 0
93, sgjourney:cartouche/stone_cartouche_monument, HEADING, header:ignore, 0, 0, 0
94, ati_structures:castillo, HEADING, header:ignore, 0, 0, 0
95, medieval_nether:castle, HEADING, header:ignore, 0, 0, 0
96, minecraft:castle, HEADING, header:ignore, 0, 0, 0
97, mss:castle_ruin, HEADING, header:ignore, 0, 0, 0
98, mvs:castle_ruins, HEADING, header:ignore, 0, 0, 0
99, mss:castle_tower, HEADING, header:ignore, 0, 0, 0
100, darkerdepths:catacombs, HEADING, header:ignore, 0, 0, 0
101, irons_spellbooks:catacombs, HEADING, header:ignore, 0, 0, 0
102, irons_spellbooks:catacombs, MONSTER, irons_spellbooks:catacombs_zombie, 20, 1, 1
103, irons_spellbooks:catacombs, MONSTER, irons_spellbooks:necromancer, 10, 1, 1
104, undergarden:catacombs, HEADING, header:ignore, 0, 0, 0
105, undergarden:catacombs, MONSTER, undergarden:forgotten, 20, 1, 1
106, ati_structures:catalonian_castle, HEADING, header:ignore, 0, 0, 0
107, mvs:cathedral, HEADING, header:ignore, 0, 0, 0
108, dungeons_arise:ceryneian_hind, HEADING, header:ignore, 0, 0, 0
109, netherexp:chapel, HEADING, header:ignore, 0, 0, 0
110, mss:cherry_river, HEADING, header:ignore, 0, 0, 0
111, mvs:cherry_tree, HEADING, header:ignore, 0, 0, 0
112, fdbosses:chesed_arena, HEADING, header:ignore, 0, 0, 0
113, windswept:chestnut_weathered_house, HEADING, header:ignore, 0, 0, 0
114, terramity:chthonian_breach, HEADING, header:ignore, 0, 0, 0
115, terramity:chthonic_cathedral, HEADING, header:ignore, 0, 0, 0
116, terramity:chthonic_dungeon, HEADING, header:ignore, 0, 0, 0
117, goety_revelation:church, HEADING, header:ignore, 0, 0, 0
118, mns:circle_blackstone, HEADING, header:ignore, 0, 0, 0
119, mns:circle_nether_brick, HEADING, header:ignore, 0, 0, 0
120, sgjourney:city/abydos_city, HEADING, header:ignore, 0, 0, 0
121, mofus_better_end_:clocktower, HEADING, header:ignore, 0, 0, 0
122, legendary_monsters:cloudy_temple, HEADING, header:ignore, 0, 0, 0
123, born_in_chaos_v1:clown_caravan_plains, HEADING, header:ignore, 0, 0, 0
124, born_in_chaos_v1:clown_caravan_savanna, HEADING, header:ignore, 0, 0, 0
125, born_in_chaos_v1:clown_caravan_taiga, HEADING, header:ignore, 0, 0, 0
126, more_critters:collector_wagon_badlands, HEADING, header:ignore, 0, 0, 0
127, more_critters:collector_wagon_desert, HEADING, header:ignore, 0, 0, 0
128, more_critters:collector_wagon_jungle, HEADING, header:ignore, 0, 0, 0
129, more_critters:collector_wagon_ocean, HEADING, header:ignore, 0, 0, 0
130, more_critters:collector_wagon_plains, HEADING, header:ignore, 0, 0, 0
131, more_critters:collector_wagon_savanna, HEADING, header:ignore, 0, 0, 0
132, more_critters:collector_wagon_swamp, HEADING, header:ignore, 0, 0, 0
133, more_critters:collector_wagon_taiga, HEADING, header:ignore, 0, 0, 0
134, more_critters:collector_wagon_tundra, HEADING, header:ignore, 0, 0, 0
135, companions:companions_babayaga, HEADING, header:ignore, 0, 0, 0
136, companions:companions_factory, HEADING, header:ignore, 0, 0, 0
137, companions:companions_monkey_temple, HEADING, header:ignore, 0, 0, 0
138, companions:companions_teddytower, HEADING, header:ignore, 0, 0, 0
139, companions:companions_tent, HEADING, header:ignore, 0, 0, 0
140, mns:copper_tower, HEADING, header:ignore, 0, 0, 0
141, terramity:court_of_gnomes, HEADING, header:ignore, 0, 0, 0
142, mvs:crimson_enchanting_table, HEADING, header:ignore, 0, 0, 0
143, hearths:crimson_tower, HEADING, header:ignore, 0, 0, 0
144, mofus_better_end_:cryohouse, HEADING, header:ignore, 0, 0, 0
145, mofus_better_end_:cryostonecastle, HEADING, header:ignore, 0, 0, 0
146, goety:crypt, HEADING, header:ignore, 0, 0, 0
147, goety:crypt, MONSTER, goety:haunted_armor, 20, 1, 1
148, goety:crypt, MONSTER, goety:crypt_slime, 20, 1, 1
149, goety:crypt, MONSTER, goety:reaper, 10, 1, 1
150, goety:crypt, MONSTER, goety:border_wraith, 20, 1, 1
151, goety:crypt, MONSTER, goety:bone_spider, 20, 1, 1
152, goety:crypt, MONSTER, goety:cairn_necromancer, 20, 1, 1
153, mvs:crystal, HEADING, header:ignore, 0, 0, 0
154, cataclysm:cursed_pyramid, HEADING, header:ignore, 0, 0, 0
155, hexerei:dark_coven, HEADING, header:ignore, 0, 0, 0
156, explorify:dark_forest_settlement, HEADING, header:ignore, 0, 0, 0
157, ati_structures:dark_keep, HEADING, header:ignore, 0, 0, 0
158, goety:dark_manor, HEADING, header:ignore, 0, 0, 0
159, mvs:dark_oak_log_pile, HEADING, header:ignore, 0, 0, 0
160, mvs:dark_oak_tree, HEADING, header:ignore, 0, 0, 0
161, mvs:dark_oak_well, HEADING, header:ignore, 0, 0, 0
162, ati_structures:dark_tower, HEADING, header:ignore, 0, 0, 0
163, red:dark_tower, HEADING, header:ignore, 0, 0, 0
164, born_in_chaos_v1:dark_tower_forest, HEADING, header:ignore, 0, 0, 0
165, born_in_chaos_v1:dark_tower_plain, HEADING, header:ignore, 0, 0, 0
166, born_in_chaos_v1:dark_tower_taiga, HEADING, header:ignore, 0, 0, 0
167, mvs:dead_tree_acacia, HEADING, header:ignore, 0, 0, 0
168, mvs:dead_tree_birch, HEADING, header:ignore, 0, 0, 0
169, mvs:dead_tree_cherry, HEADING, header:ignore, 0, 0, 0
170, mvs:dead_tree_dark_oak, HEADING, header:ignore, 0, 0, 0
171, mvs:dead_tree_jungle, HEADING, header:ignore, 0, 0, 0
172, mvs:dead_tree_mangrove, HEADING, header:ignore, 0, 0, 0
173, mvs:dead_tree_oak, HEADING, header:ignore, 0, 0, 0
174, mvs:dead_tree_spruce, HEADING, header:ignore, 0, 0, 0
175, mvs:deepslate_house, HEADING, header:ignore, 0, 0, 0
176, ati_structures:deepslate_keep, HEADING, header:ignore, 0, 0, 0
177, underground_rooms:desert_crypt, HEADING, header:ignore, 0, 0, 0
178, dungeons_arise:desert_hall, HEADING, header:ignore, 0, 0, 0
179, mvs:desert_house, HEADING, header:ignore, 0, 0, 0
180, ati_structures:desert_outpost, HEADING, header:ignore, 0, 0, 0
181, mvs:desert_pump, HEADING, header:ignore, 0, 0, 0
182, minecraft:desert_pyramid, HEADING, header:ignore, 0, 0, 0
183, minecraft:desert_pyramid, MONSTER, goety:necromancer, 20, 1, 1
184, mss:desert_pyramid, HEADING, header:ignore, 0, 0, 0
185, red:desert_pyramid, HEADING, header:ignore, 0, 0, 0
186, vintagevibes:desert_ruins, HEADING, header:ignore, 0, 0, 0
187, explorify:desert_shrine, HEADING, header:ignore, 0, 0, 0
188, mss:desert_well, HEADING, header:ignore, 0, 0, 0
189, mvs:desert_well, HEADING, header:ignore, 0, 0, 0
190, moresnifferflowers:dessert_sniffer_temple, HEADING, header:ignore, 0, 0, 0
191, netherexp:devils_bluff, HEADING, header:ignore, 0, 0, 0
192, foolish:dilapidation, HEADING, header:ignore, 0, 0, 0
193, alexscaves:dino_bowl, HEADING, header:ignore, 0, 0, 0
194, mss:diorite_house, HEADING, header:ignore, 0, 0, 0
195, ati_structures:dojo, HEADING, header:ignore, 0, 0, 0
196, medieval_nether:dome, HEADING, header:ignore, 0, 0, 0
197, alexscaves:donut_arch, HEADING, header:ignore, 0, 0, 0
198, block_factorys_bosses:dragon_tower, HEADING, header:ignore, 0, 0, 0
199, nethers_exorcism_reborn:drifter_hideout, HEADING, header:ignore, 0, 0, 0
200, mvs:duck, HEADING, header:ignore, 0, 0, 0
201, underground_rooms:dungeon, HEADING, header:ignore, 0, 0, 0
202, traveloptics:echo_shrine, HEADING, header:ignore, 0, 0, 0
203, endergetic:eetle_nest, HEADING, header:ignore, 0, 0, 0
204, endergetic:eetle_nest, MONSTER, endergetic:charger_eetle, 20, 3, 7
205, endergetic:eetle_nest, MONSTER, endergetic:glider_eetle, 20, 3, 6
206, underground_rooms:enchanting_room, HEADING, header:ignore, 0, 0, 0
207, minecraft:end_city, HEADING, header:ignore, 0, 0, 0
208, foolish:end_keep, HEADING, header:ignore, 0, 0, 0
209, underground_rooms:end_room, HEADING, header:ignore, 0, 0, 0
210, mvs:end_scraps_1, HEADING, header:ignore, 0, 0, 0
211, mvs:end_scraps_2, HEADING, header:ignore, 0, 0, 0
212, mvs:end_scraps_3, HEADING, header:ignore, 0, 0, 0
213, mvs:end_scraps_4, HEADING, header:ignore, 0, 0, 0
214, explorify:end_shipwreck, HEADING, header:ignore, 0, 0, 0
215, end_villager_outpost:end_villager_outpost, HEADING, header:ignore, 0, 0, 0
216, mvs:end_well, HEADING, header:ignore, 0, 0, 0
217, mes:ender_spire, HEADING, header:ignore, 0, 0, 0
218, mes:enderbloom_grove, HEADING, header:ignore, 0, 0, 0
219, mes:enderkeep_courtyard, HEADING, header:ignore, 0, 0, 0
220, mofus_better_end_:endermite_mound, HEADING, header:ignore, 0, 0, 0
221, mes:enderpin_spikes, HEADING, header:ignore, 0, 0, 0
222, mes:enderskog, HEADING, header:ignore, 0, 0, 0
223, mes:enderwatch_tower, HEADING, header:ignore, 0, 0, 0
224, mofus_better_end_:endhouse, HEADING, header:ignore, 0, 0, 0
225, mofus_better_end_:endlabyrinth, HEADING, header:ignore, 0, 0, 0
226, mofus_better_end_:endmossbuildings, HEADING, header:ignore, 0, 0, 0
227, mofus_better_end_:endobservatory, HEADING, header:ignore, 0, 0, 0
228, mes:endscraps, HEADING, header:ignore, 0, 0, 0
229, irons_spellbooks:evoker_fort, HEADING, header:ignore, 0, 0, 0
230, beachparty:excavated_treasure, HEADING, header:ignore, 0, 0, 0
231, foolish:explorers_house, HEADING, header:ignore, 0, 0, 0
232, foolish:explorers_house_aspen, HEADING, header:ignore, 0, 0, 0
233, verdantvibes:fairy_circle, HEADING, header:ignore, 0, 0, 0
234, terramity:fairy_fountain, HEADING, header:ignore, 0, 0, 0
235, born_in_chaos_v1:farm, HEADING, header:ignore, 0, 0, 0
236, ocean_lily_pad_village:farm, HEADING, header:ignore, 0, 0, 0
237, ocean_lily_pad_village:farmerhouse, HEADING, header:ignore, 0, 0, 0
238, explorify:farmstead, HEADING, header:ignore, 0, 0, 0
239, alexscaves:ferrocave, HEADING, header:ignore, 0, 0, 0
240, mvs:fire_camp, HEADING, header:ignore, 0, 0, 0
241, terramity:fire_lookout_tower, HEADING, header:ignore, 0, 0, 0
242, born_in_chaos_v1:firewell, HEADING, header:ignore, 0, 0, 0
243, ocean_lily_pad_village:fishermanhouse, HEADING, header:ignore, 0, 0, 0
244, ocean_lily_pad_village:fletcherhouse, HEADING, header:ignore, 0, 0, 0
245, mvs:floating_islands, HEADING, header:ignore, 0, 0, 0
246, foolish:flower_gb, HEADING, header:ignore, 0, 0, 0
247, foolish:flower_gp, HEADING, header:ignore, 0, 0, 0
248, foolish:flower_gy, HEADING, header:ignore, 0, 0, 0
249, mvs:flower_hole, HEADING, header:ignore, 0, 0, 0
250, red:flower_oracle, HEADING, header:ignore, 0, 0, 0
251, incendium:forbidden_castle, HEADING, header:ignore, 0, 0, 0
252, red:forest_deforestation, HEADING, header:ignore, 0, 0, 0
253, ocean_lily_pad_village:forge, HEADING, header:ignore, 0, 0, 0
254, mofus_better_end_:forgotten_town, HEADING, header:ignore, 0, 0, 0
255, undergarden:forgotten_vestige, HEADING, header:ignore, 0, 0, 0
256, mofus_better_end_:forgottenruins, HEADING, header:ignore, 0, 0, 0
257, alexscaves:forlorn_bridge, HEADING, header:ignore, 0, 0, 0
258, alexscaves:forlorn_canyon, HEADING, header:ignore, 0, 0, 0
259, medieval_buildings:fort, HEADING, header:ignore, 0, 0, 0
260, ati_structures:fortified_temple, HEADING, header:ignore, 0, 0, 0
261, minecraft:fortress, HEADING, header:ignore, 0, 0, 0
262, minecraft:fortress, MONSTER, cataclysm:ignited_berserker, 20, 1, 1
263, minecraft:fortress, MONSTER, celestisynth:star_monolith, 20, 1, 1
264, dungeons_arise:foundry, HEADING, header:ignore, 0, 0, 0
265, mvs:fox_hut, HEADING, header:ignore, 0, 0, 0
266, legendary_monsters:frostbitten_temple, HEADING, header:ignore, 0, 0, 0
267, cataclysm:frosted_prison, HEADING, header:ignore, 0, 0, 0
268, mowziesmobs:frostmaw_spawn, HEADING, header:ignore, 0, 0, 0
269, mss:frozen_pond, HEADING, header:ignore, 0, 0, 0
270, mvs:gallows, HEADING, header:ignore, 0, 0, 0
271, bosses_of_mass_destruction:gauntlet_arena, HEADING, header:ignore, 0, 0, 0
272, tameablebeasts:gecko_nest, HEADING, header:ignore, 0, 0, 0
273, tameablebeasts:gecko_nest, CREATURE, tameablebeasts:crested_gecko, 20, 1, 2
274, more_critters:ghost_ship, HEADING, header:ignore, 0, 0, 0
275, giant_natural_additions:giant_brown_mushroom, HEADING, header:ignore, 0, 0, 0
276, giant_natural_additions:giant_cactus, HEADING, header:ignore, 0, 0, 0
277, foolish:giant_hive, HEADING, header:ignore, 0, 0, 0
278, giant_natural_additions:giant_palm_tree, HEADING, header:ignore, 0, 0, 0
279, giant_natural_additions:giant_red_mushroom, HEADING, header:ignore, 0, 0, 0
280, mns:giant_skull, HEADING, header:ignore, 0, 0, 0
281, giant_natural_additions:giant_snow_tree, HEADING, header:ignore, 0, 0, 0
282, foolish:giant_storm_cloud_1, HEADING, header:ignore, 0, 0, 0
283, foolish:giant_storm_cloud_2, HEADING, header:ignore, 0, 0, 0
284, foolish:giant_storm_cloud_3, HEADING, header:ignore, 0, 0, 0
285, giant_natural_additions:giant_swamp_tree, HEADING, header:ignore, 0, 0, 0
286, giant_natural_additions:giant_tree_stump, HEADING, header:ignore, 0, 0, 0
287, giant_natural_additions:giant_yellow_tree, HEADING, header:ignore, 0, 0, 0
288, alexscaves:gingerbread_town, HEADING, header:ignore, 0, 0, 0
289, alexscaves:gingerbread_town, MONSTER, alexscaves:gingerbread_man, 20, 4, 4
290, foolish:glacial_fortress, HEADING, header:ignore, 0, 0, 0
291, ati_structures:gnome_hut, HEADING, header:ignore, 0, 0, 0
292, sgjourney:goauld_temple/badlands_ziggurat/badlands_ziggurat, HEADING, header:ignore, 0, 0, 0
293, sgjourney:goauld_temple/desert_pyramid/abandoned/desert_pyramid_abandoned, HEADING, header:ignore, 0, 0, 0
294, sgjourney:goauld_temple/desert_pyramid/desert_pyramid, HEADING, header:ignore, 0, 0, 0
295, sgjourney:goauld_temple/desert_pyramid/desert_pyramid, CREATURE, sgjourney:jaffa, 20, 3, 7
296, sgjourney:goauld_temple/jungle_pyramid/jungle_pyramid, HEADING, header:ignore, 0, 0, 0
297, ati_structures:granite_fort, HEADING, header:ignore, 0, 0, 0
298, born_in_chaos_v1:grave_2003wise, HEADING, header:ignore, 0, 0, 0
299, born_in_chaos_v1:grave_2_dling, HEADING, header:ignore, 0, 0, 0
300, born_in_chaos_v1:grave_d_4rk_devil_x, HEADING, header:ignore, 0, 0, 0
301, born_in_chaos_v1:grave_darktitan, HEADING, header:ignore, 0, 0, 0
302, born_in_chaos_v1:grave_derivas, HEADING, header:ignore, 0, 0, 0
303, born_in_chaos_v1:grave_euthymia, HEADING, header:ignore, 0, 0, 0
304, born_in_chaos_v1:grave_feral, HEADING, header:ignore, 0, 0, 0
305, born_in_chaos_v1:grave_fubuki_banzai, HEADING, header:ignore, 0, 0, 0
306, born_in_chaos_v1:grave_memesus, HEADING, header:ignore, 0, 0, 0
307, born_in_chaos_v1:grave_mike_and_rory, HEADING, header:ignore, 0, 0, 0
308, born_in_chaos_v1:grave_nino_4416, HEADING, header:ignore, 0, 0, 0
309, born_in_chaos_v1:grave_orion, HEADING, header:ignore, 0, 0, 0
310, born_in_chaos_v1:grave_petasi, HEADING, header:ignore, 0, 0, 0
311, born_in_chaos_v1:grave_plug, HEADING, header:ignore, 0, 0, 0
312, born_in_chaos_v1:grave_rotborne, HEADING, header:ignore, 0, 0, 0
313, born_in_chaos_v1:grave_somfunambulist, HEADING, header:ignore, 0, 0, 0
314, born_in_chaos_v1:grave_tem_187, HEADING, header:ignore, 0, 0, 0
315, born_in_chaos_v1:grave_the_gentleman_frog, HEADING, header:ignore, 0, 0, 0
316, mns:grave_yard, HEADING, header:ignore, 0, 0, 0
317, born_in_chaos_v1:gravecarrionexe, HEADING, header:ignore, 0, 0, 0
318, goety:graveyard, HEADING, header:ignore, 0, 0, 0
319, goety:graveyard, MONSTER, goety:wraith, 10, 1, 1
320, goety:graveyard, MONSTER, goety:reaper, 10, 1, 1
321, goety:graveyard, MONSTER, goety:border_wraith, 20, 1, 1
322, mythsandlegends:graveyard, HEADING, header:ignore, 0, 0, 0
323, mythsandlegends:graveyard, MONSTER, mythsandlegends:condemned, 20, 1, 1
324, foolish:great_flickerwood, HEADING, header:ignore, 0, 0, 0
325, dungeons_arise:greenwood_pub, HEADING, header:ignore, 0, 0, 0
326, windswept:grove_weathered_house, HEADING, header:ignore, 0, 0, 0
327, ars_nouveau:guardian_wilden_den, HEADING, header:ignore, 0, 0, 0
328, ars_nouveau:guardian_wilden_den, MONSTER, ars_nouveau:wilden_guardian, 20, 1, 3
329, explorify:guide_post_cold, HEADING, header:ignore, 0, 0, 0
330, explorify:guide_post_warm, HEADING, header:ignore, 0, 0, 0
331, eeeabsmobs:guling, HEADING, header:ignore, 0, 0, 0
332, ati_structures:haunted_ruin, HEADING, header:ignore, 0, 0, 0
333, ocean_lily_pad_village:hay, HEADING, header:ignore, 0, 0, 0
334, mvs:haystack, HEADING, header:ignore, 0, 0, 0
335, dungeons_arise:heavenly_challenger, HEADING, header:ignore, 0, 0, 0
336, dungeons_arise:heavenly_challenger, MONSTER, cataclysm:endermaptera, 20, 1, 1
337, dungeons_arise:heavenly_conqueror, HEADING, header:ignore, 0, 0, 0
338, dungeons_arise:heavenly_conqueror, MONSTER, cataclysm:endermaptera, 20, 1, 1
339, dungeons_arise:heavenly_rider, HEADING, header:ignore, 0, 0, 0
340, dungeons_arise:heavenly_rider, MONSTER, cataclysm:endermaptera, 20, 1, 1
341, dungeons_revival:hell_arena, HEADING, header:ignore, 0, 0, 0
342, hexalia:herbalist_hut, HEADING, header:ignore, 0, 0, 0
343, red:herobrine_statue, HEADING, header:ignore, 0, 0, 0
344, ati_structures:herobrine_stronghold, HEADING, header:ignore, 0, 0, 0
345, underground_rooms:hidden_temple, HEADING, header:ignore, 0, 0, 0
346, mvs:horse_campsite, HEADING, header:ignore, 0, 0, 0
347, mvs:horse_pen, HEADING, header:ignore, 0, 0, 0
348, medieval_nether:house, HEADING, header:ignore, 0, 0, 0
349, mvs:house, HEADING, header:ignore, 0, 0, 0
350, medieval_buildings:house_1, HEADING, header:ignore, 0, 0, 0
351, ocean_lily_pad_village:house_1, HEADING, header:ignore, 0, 0, 0
352, medieval_buildings:house_2, HEADING, header:ignore, 0, 0, 0
353, ars_nouveau:hunter_wilden_den, HEADING, header:ignore, 0, 0, 0
354, ars_nouveau:hunter_wilden_den, MONSTER, ars_nouveau:wilden_hunter, 20, 3, 3
355, skyarena:ice_arena, HEADING, header:ignore, 0, 0, 0
356, aquamirae:ice_maze/arch, HEADING, header:ignore, 0, 0, 0
357, aquamirae:ice_maze/arch, MONSTER, aquamirae:maw, 20, 1, 2
358, aquamirae:ice_maze/arch, AMBIENT, aquamirae:golden_moth, 20, 1, 2
359, aquamirae:ice_maze/common, HEADING, header:ignore, 0, 0, 0
360, aquamirae:ice_maze/common, MONSTER, aquamirae:maw, 20, 1, 2
361, aquamirae:ice_maze/spiral, HEADING, header:ignore, 0, 0, 0
362, aquamirae:ice_maze/spiral, MONSTER, aquamirae:maw, 20, 2, 6
363, ati_structures:ice_tribe, HEADING, header:ignore, 0, 0, 0
364, minecraft:igloo, HEADING, header:ignore, 0, 0, 0
365, dungeons_arise:illager_campsite, HEADING, header:ignore, 0, 0, 0
366, ati_structures:illager_homestead, HEADING, header:ignore, 0, 0, 0
367, ati_structures:illager_tower, HEADING, header:ignore, 0, 0, 0
368, irons_spellbooks:impaled_icebreaker, HEADING, header:ignore, 0, 0, 0
369, incendium:infernal_altar, HEADING, header:ignore, 0, 0, 0
370, foolish:infernal_factory, HEADING, header:ignore, 0, 0, 0
371, born_in_chaos_v1:infernal_pumpkin, HEADING, header:ignore, 0, 0, 0
372, terramity:infested_laboratory, HEADING, header:ignore, 0, 0, 0
373, dungeons_arise:infested_temple, HEADING, header:ignore, 0, 0, 0
374, sgjourney:jaffa_house, HEADING, header:ignore, 0, 0, 0
375, sgjourney:jaffa_house, CREATURE, sgjourney:jaffa, 20, 1, 5
376, mss:jungle, HEADING, header:ignore, 0, 0, 0
377, red:jungle_deforestation, HEADING, header:ignore, 0, 0, 0
378, ati_structures:jungle_grotto, HEADING, header:ignore, 0, 0, 0
379, mvs:jungle_log_pile, HEADING, header:ignore, 0, 0, 0
380, underground_rooms:jungle_main_room, HEADING, header:ignore, 0, 0, 0
381, mvs:jungle_palm_tree, HEADING, header:ignore, 0, 0, 0
382, dodosmobs:jungle_prison, HEADING, header:ignore, 0, 0, 0
383, minecraft:jungle_pyramid, HEADING, header:ignore, 0, 0, 0
384, red:jungle_pyramid, HEADING, header:ignore, 0, 0, 0
385, ati_structures:jungle_settlement, HEADING, header:ignore, 0, 0, 0
386, betterjungletemples:jungle_temple, HEADING, header:ignore, 0, 0, 0
387, mvs:jungle_tower, HEADING, header:ignore, 0, 0, 0
388, mvs:jungle_tree, HEADING, header:ignore, 0, 0, 0
389, mvs:jungle_well, HEADING, header:ignore, 0, 0, 0
390, foolish:kappa_dwelling, HEADING, header:ignore, 0, 0, 0
391, foolish:kappa_house, HEADING, header:ignore, 0, 0, 0
392, foolish:kappa_kolosseum, HEADING, header:ignore, 0, 0, 0
393, dungeons_arise:keep_kayra, HEADING, header:ignore, 0, 0, 0
394, dungeons_arise:kisegi_sanctuary, HEADING, header:ignore, 0, 0, 0
395, dungeonnowloading:labyrinth, HEADING, header:ignore, 0, 0, 0
396, mvs:lamp_chest, HEADING, header:ignore, 0, 0, 0
397, mns:large_blackstone_pillars, HEADING, header:ignore, 0, 0, 0
398, mns:large_blackstone_walls, HEADING, header:ignore, 0, 0, 0
399, mvs:large_cart_1, HEADING, header:ignore, 0, 0, 0
400, mvs:large_cart_2, HEADING, header:ignore, 0, 0, 0
401, mvs:large_floating_island, HEADING, header:ignore, 0, 0, 0
402, mvs:large_mushroom, HEADING, header:ignore, 0, 0, 0
403, mns:large_nether_brick, HEADING, header:ignore, 0, 0, 0
404, mss:large_tower, HEADING, header:ignore, 0, 0, 0
405, mvs:large_warped_tower, HEADING, header:ignore, 0, 0, 0
406, legendary_monsters:lava_eater_spawn, HEADING, header:ignore, 0, 0, 0
407, mns:lava_pool, HEADING, header:ignore, 0, 0, 0
408, mss:leaf_hollow, HEADING, header:ignore, 0, 0, 0
409, mns:leafy_rubble, HEADING, header:ignore, 0, 0, 0
410, mvs:lecturn_garden, HEADING, header:ignore, 0, 0, 0
411, species:libra, HEADING, header:ignore, 0, 0, 0
412, ocean_lily_pad_village:library, HEADING, header:ignore, 0, 0, 0
413, underground_rooms:library1, HEADING, header:ignore, 0, 0, 0
414, bosses_of_mass_destruction:lich_tower, HEADING, header:ignore, 0, 0, 0
415, alexscaves:licowitch_tower, HEADING, header:ignore, 0, 0, 0
416, alexscaves:licowitch_tower, MONSTER, alexscaves:licowitch, 20, 1, 1
417, ati_structures:lighthouse, HEADING, header:ignore, 0, 0, 0
418, minecraft:living_tree, HEADING, header:ignore, 0, 0, 0
419, mvs:log_ruin, HEADING, header:ignore, 0, 0, 0
420, mofus_better_end_:lonely_home, HEADING, header:ignore, 0, 0, 0
421, sorcerousnether:lost_keep, HEADING, header:ignore, 0, 0, 0
422, sorcerousnether:lost_keep, MONSTER, sorcerousnether:lost, 20, 2, 3
423, mofus_better_end_:luminion_labyrinth, HEADING, header:ignore, 0, 0, 0
424, ad_astra:lunar_tower, HEADING, header:ignore, 0, 0, 0
425, ad_astra:lunarian_village, HEADING, header:ignore, 0, 0, 0
426, underground_rooms:mainroom1, HEADING, header:ignore, 0, 0, 0
427, fdbosses:malkuth_arena, HEADING, header:ignore, 0, 0, 0
428, mss:mangrove, HEADING, header:ignore, 0, 0, 0
429, explorify:mangrove_hut, HEADING, header:ignore, 0, 0, 0
430, irons_spellbooks:mangrove_hut, HEADING, header:ignore, 0, 0, 0
431, goety:mangrove_tower, HEADING, header:ignore, 0, 0, 0
432, goety:mangrove_tower, MONSTER, goety:warlock, 20, 1, 1
433, ati_structures:manor, HEADING, header:ignore, 0, 0, 0
434, minecraft:mansion, HEADING, header:ignore, 0, 0, 0
435, minecraft:mansion, MONSTER, alshanex_familiars:illusionist_pet, 20, 1, 1
436, mes:manuscript_shrine, HEADING, header:ignore, 0, 0, 0
437, ati_structures:marble_chateau, HEADING, header:ignore, 0, 0, 0
438, ocean_lily_pad_village:market, HEADING, header:ignore, 0, 0, 0
439, ad_astra:mars_temple, HEADING, header:ignore, 0, 0, 0
440, ocean_lily_pad_village:mason, HEADING, header:ignore, 0, 0, 0
441, explorify:mausoleum, HEADING, header:ignore, 0, 0, 0
442, terramity:mausoleum, HEADING, header:ignore, 0, 0, 0
443, dungeons_arise:mechanical_nest, HEADING, header:ignore, 0, 0, 0
444, mvs:medium_bamboo_cart, HEADING, header:ignore, 0, 0, 0
445, mns:medium_blackstone, HEADING, header:ignore, 0, 0, 0
446, mns:medium_crimson_fungus, HEADING, header:ignore, 0, 0, 0
447, mns:medium_crimson_fungus_2, HEADING, header:ignore, 0, 0, 0
448, mns:medium_crimson_well, HEADING, header:ignore, 0, 0, 0
449, mns:medium_house, HEADING, header:ignore, 0, 0, 0
450, mns:medium_house_2, HEADING, header:ignore, 0, 0, 0
451, mvs:medium_igloo_1, HEADING, header:ignore, 0, 0, 0
452, mvs:medium_igloo_2, HEADING, header:ignore, 0, 0, 0
453, mvs:medium_oak_lantern, HEADING, header:ignore, 0, 0, 0
454, mns:medium_warped_fungus, HEADING, header:ignore, 0, 0, 0
455, mns:medium_warped_fungus_2, HEADING, header:ignore, 0, 0, 0
456, mns:medium_warped_well, HEADING, header:ignore, 0, 0, 0
457, netherexp:mega_fossil, HEADING, header:ignore, 0, 0, 0
458, netherexp:mega_fossil_campsite, HEADING, header:ignore, 0, 0, 0
459, netherexp:mega_fossil_campsite, MONSTER, netherexp:vessel, 20, 1, 1
460, mes:mega_ship, HEADING, header:ignore, 0, 0, 0
461, mes:mega_ship_basic, HEADING, header:ignore, 0, 0, 0
462, mes:mega_ship_crashed, HEADING, header:ignore, 0, 0, 0
463, mes:mega_ship_crashed_2, HEADING, header:ignore, 0, 0, 0
464, mes:mega_ship_crashed_deepslate, HEADING, header:ignore, 0, 0, 0
465, mes:mega_ship_deepslate, HEADING, header:ignore, 0, 0, 0
466, mes:mega_ship_deepslate_2, HEADING, header:ignore, 0, 0, 0
467, mes:mega_ship_deepslate_3, HEADING, header:ignore, 0, 0, 0
468, dungeons_arise:merchant_campsite, HEADING, header:ignore, 0, 0, 0
469, ae2:meteorite, HEADING, header:ignore, 0, 0, 0
470, more_critters:mightshroom_burial, HEADING, header:ignore, 0, 0, 0
471, mvs:mine_with_campsite, HEADING, header:ignore, 0, 0, 0
472, minecraft:mineshaft, HEADING, header:ignore, 0, 0, 0
473, mvs:mineshaft, HEADING, header:ignore, 0, 0, 0
474, hopo:mineshaft/acacia_mineshaft, HEADING, header:ignore, 0, 0, 0
475, hopo:mineshaft/bamboo_mineshaft, HEADING, header:ignore, 0, 0, 0
476, hopo:mineshaft/biomes/dripstone_mineshaft, HEADING, header:ignore, 0, 0, 0
477, hopo:mineshaft/biomes/lush_mineshaft, HEADING, header:ignore, 0, 0, 0
478, hopo:mineshaft/birch_mineshaft, HEADING, header:ignore, 0, 0, 0
479, hopo:mineshaft/cherry_mineshaft, HEADING, header:ignore, 0, 0, 0
480, hopo:mineshaft/dark_oak_mineshaft, HEADING, header:ignore, 0, 0, 0
481, hopo:mineshaft/deepslate_mineshaft, HEADING, header:ignore, 0, 0, 0
482, hopo:mineshaft/jungle_mineshaft, HEADING, header:ignore, 0, 0, 0
483, hopo:mineshaft/mangrove_mineshaft, HEADING, header:ignore, 0, 0, 0
484, hopo:mineshaft/mud_mineshaft, HEADING, header:ignore, 0, 0, 0
485, hopo:mineshaft/oak_mineshaft, HEADING, header:ignore, 0, 0, 0
486, hopo:mineshaft/spruce_mineshaft, HEADING, header:ignore, 0, 0, 0
487, hopo:mineshaft/stone_mineshaft, HEADING, header:ignore, 0, 0, 0
488, minecraft:mineshaft_mesa, HEADING, header:ignore, 0, 0, 0
489, underground_rooms:mining_storage_room, HEADING, header:ignore, 0, 0, 0
490, dungeons_arise:mining_system, HEADING, header:ignore, 0, 0, 0
491, foolish:mire_ruins, HEADING, header:ignore, 0, 0, 0
492, mowziesmobs:monastery, HEADING, header:ignore, 0, 0, 0
493, mowziesmobs:monastery, MONSTER, mowziesmobs:bluff, 20, 1, 2
494, ati_structures:monastery_tower, HEADING, header:ignore, 0, 0, 0
495, mes:monolith, HEADING, header:ignore, 0, 0, 0
496, minecraft:monument, HEADING, header:ignore, 0, 0, 0
497, ad_astra:moon_dungeon, HEADING, header:ignore, 0, 0, 0
498, ati_structures:mosque, HEADING, header:ignore, 0, 0, 0
499, legendary_monsters:mossy_temple, HEADING, header:ignore, 0, 0, 0
500, born_in_chaos_v1:mound_of_hounds, HEADING, header:ignore, 0, 0, 0
501, irons_spellbooks:mountain_tower, HEADING, header:ignore, 0, 0, 0
502, ati_structures:mud_tower, HEADING, header:ignore, 0, 0, 0
503, terramity:mudhut, HEADING, header:ignore, 0, 0, 0
504, mss:mushroom, HEADING, header:ignore, 0, 0, 0
505, mvs:mushroom_pond, HEADING, header:ignore, 0, 0, 0
506, mvs:mushroom_statue, HEADING, header:ignore, 0, 0, 0
507, mvs:mushroom_well, HEADING, header:ignore, 0, 0, 0
508, mes:mythic_garden, HEADING, header:ignore, 0, 0, 0
509, hexerei:nature_coven, HEADING, header:ignore, 0, 0, 0
510, minecraft:nether_city, HEADING, header:ignore, 0, 0, 0
511, mvs:nether_devil, HEADING, header:ignore, 0, 0, 0
512, minecraft:nether_fossil, HEADING, header:ignore, 0, 0, 0
513, mss:nether_portal, HEADING, header:ignore, 0, 0, 0
514, incendium:nether_reactor, HEADING, header:ignore, 0, 0, 0
515, mvs:nether_well, HEADING, header:ignore, 0, 0, 0
516, hearths:netherrack_spiral, HEADING, header:ignore, 0, 0, 0
517, ars_additions:nexus_tower, HEADING, header:ignore, 0, 0, 0
518, foolish:nightshade_garden, HEADING, header:ignore, 0, 0, 0
519, forbidden_arcanus:nipa, HEADING, header:ignore, 0, 0, 0
520, forbidden_arcanus:nipa_floating, HEADING, header:ignore, 0, 0, 0
521, ati_structures:nomadic_camp, HEADING, header:ignore, 0, 0, 0
522, mvs:oak_log_pile, HEADING, header:ignore, 0, 0, 0
523, verdantvibes:oak_overgrown_hut, HEADING, header:ignore, 0, 0, 0
524, mvs:oak_tree, HEADING, header:ignore, 0, 0, 0
525, mvs:oak_well, HEADING, header:ignore, 0, 0, 0
526, born_in_chaos_v1:observation_tower_forest, HEADING, header:ignore, 0, 0, 0
527, born_in_chaos_v1:observation_tower_plains, HEADING, header:ignore, 0, 0, 0
528, bosses_of_mass_destruction:obsidilith_arena, HEADING, header:ignore, 0, 0, 0
529, minecraft:ocean_ruin_cold, HEADING, header:ignore, 0, 0, 0
530, minecraft:ocean_ruin_warm, HEADING, header:ignore, 0, 0, 0
531, mvs:ocean_tower, HEADING, header:ignore, 0, 0, 0
532, alexscaves:ocean_trench, HEADING, header:ignore, 0, 0, 0
533, ad_astra:oil_well, HEADING, header:ignore, 0, 0, 0
534, mythsandlegends:old_camp, HEADING, header:ignore, 0, 0, 0
535, ati_structures:old_fort, HEADING, header:ignore, 0, 0, 0
536, ati_structures:old_home, HEADING, header:ignore, 0, 0, 0
537, ati_structures:old_residence, HEADING, header:ignore, 0, 0, 0
538, goety:ominous_blacksmith, HEADING, header:ignore, 0, 0, 0
539, mvs:orange_stall, HEADING, header:ignore, 0, 0, 0
540, mvs:out_house, HEADING, header:ignore, 0, 0, 0
541, aquamirae:outpost, HEADING, header:ignore, 0, 0, 0
542, terramity:overgrown_facility, HEADING, header:ignore, 0, 0, 0
543, ati_structures:overgrown_outpost, HEADING, header:ignore, 0, 0, 0
544, hexerei:owl_post_office, HEADING, header:ignore, 0, 0, 0
545, species:paleontology_dig_site, HEADING, header:ignore, 0, 0, 0
546, verdantvibes:palm_campfire, HEADING, header:ignore, 0, 0, 0
547, mss:palm_island, HEADING, header:ignore, 0, 0, 0
548, red:patheon, HEADING, header:ignore, 0, 0, 0
549, mvs:paths, HEADING, header:ignore, 0, 0, 0
550, mofus_better_end_:penguinnest, HEADING, header:ignore, 0, 0, 0
551, mes:phantom_citadel, HEADING, header:ignore, 0, 0, 0
552, hopo:piglin_ruin, HEADING, header:ignore, 0, 0, 0
553, incendium:piglin_village, HEADING, header:ignore, 0, 0, 0
554, mvs:pile, HEADING, header:ignore, 0, 0, 0
555, minecraft:pillager_outpost, HEADING, header:ignore, 0, 0, 0
556, windswept:pine_totem, HEADING, header:ignore, 0, 0, 0
557, galosphere:pink_salt_shrine, HEADING, header:ignore, 0, 0, 0
558, mvs:pink_stall, HEADING, header:ignore, 0, 0, 0
559, incendium:pipeline, HEADING, header:ignore, 0, 0, 0
560, minecraft:pirate_fleet, HEADING, header:ignore, 0, 0, 0
561, minecraft:pirate_hideout, HEADING, header:ignore, 0, 0, 0
562, mes:placid_prairie, HEADING, header:ignore, 0, 0, 0
563, dungeons_arise:plague_asylum, HEADING, header:ignore, 0, 0, 0
564, red:plains_oracle, HEADING, header:ignore, 0, 0, 0
565, foolish:plateau_garden, HEADING, header:ignore, 0, 0, 0
566, hopo:portal, HEADING, header:ignore, 0, 0, 0
567, hopo:portal_deepslate, HEADING, header:ignore, 0, 0, 0
568, hopo:portal_dripstone, HEADING, header:ignore, 0, 0, 0
569, hopo:portal_lush, HEADING, header:ignore, 0, 0, 0
570, terramity:prismatic_pond, HEADING, header:ignore, 0, 0, 0
571, ati_structures:pufferfish_cave, HEADING, header:ignore, 0, 0, 0
572, ad_astra:pygro_tower, HEADING, header:ignore, 0, 0, 0
573, ad_astra:pygro_village, HEADING, header:ignore, 0, 0, 0
574, irons_spellbooks:pyromancer_tower, HEADING, header:ignore, 0, 0, 0
575, ati_structures:quarry, HEADING, header:ignore, 0, 0, 0
576, incendium:quartz_kitchen, HEADING, header:ignore, 0, 0, 0
577, mvs:railway, HEADING, header:ignore, 0, 0, 0
578, foolish:rainbow_sacilite_geode, HEADING, header:ignore, 0, 0, 0
579, mvs:rare_well, HEADING, header:ignore, 0, 0, 0
580, foolish:rattling_arena, HEADING, header:ignore, 0, 0, 0
581, mvs:red_stall, HEADING, header:ignore, 0, 0, 0
582, mvs:red_tower, HEADING, header:ignore, 0, 0, 0
583, dungeons_revival:redstone_mines, HEADING, header:ignore, 0, 0, 0
584, ribbits:ribbit_village, HEADING, header:ignore, 0, 0, 0
585, beachparty:ritual_circle, HEADING, header:ignore, 0, 0, 0
586, mvs:rocky_well, HEADING, header:ignore, 0, 0, 0
587, tameablebeasts:roly_nest, HEADING, header:ignore, 0, 0, 0
588, tameablebeasts:roly_nest, CREATURE, tameablebeasts:giant_roly_poly, 20, 1, 2
589, darkerdepths:rope_mine_desert, HEADING, header:ignore, 0, 0, 0
590, darkerdepths:rope_mine_forest, HEADING, header:ignore, 0, 0, 0
591, dungeonsdelight:rotten_dungeon, HEADING, header:ignore, 0, 0, 0
592, ati_structures:rotten_log, HEADING, header:ignore, 0, 0, 0
593, ati_structures:rotting_temple, HEADING, header:ignore, 0, 0, 0
594, ati_structures:rotting_temple_underground, HEADING, header:ignore, 0, 0, 0
595, mvs:ruined_beacon, HEADING, header:ignore, 0, 0, 0
596, ati_structures:ruined_castle, HEADING, header:ignore, 0, 0, 0
597, cataclysm:ruined_citadel, HEADING, header:ignore, 0, 0, 0
598, cataclysm:ruined_citadel, MONSTER, cataclysm:endermaptera, 20, 1, 1
599, incendium:ruined_lab, HEADING, header:ignore, 0, 0, 0
600, mes:ruined_pillar, HEADING, header:ignore, 0, 0, 0
601, ars_additions:ruined_portal, HEADING, header:ignore, 0, 0, 0
602, minecraft:ruined_portal, HEADING, header:ignore, 0, 0, 0
603, mns:ruined_portal, HEADING, header:ignore, 0, 0, 0
604, minecraft:ruined_portal_desert, HEADING, header:ignore, 0, 0, 0
605, minecraft:ruined_portal_jungle, HEADING, header:ignore, 0, 0, 0
606, ars_additions:ruined_portal_large, HEADING, header:ignore, 0, 0, 0
607, minecraft:ruined_portal_mountain, HEADING, header:ignore, 0, 0, 0
608, minecraft:ruined_portal_nether, HEADING, header:ignore, 0, 0, 0
609, minecraft:ruined_portal_ocean, HEADING, header:ignore, 0, 0, 0
610, minecraft:ruined_portal_swamp, HEADING, header:ignore, 0, 0, 0
611, legendary_monsters:ruined_pyramid, HEADING, header:ignore, 0, 0, 0
612, legendary_monsters:ruined_pyramid, MONSTER, legendary_monsters:bomber, 20, 1, 1
613, explorify:ruins, HEADING, header:ignore, 0, 0, 0
614, foolish:sacilic_den, HEADING, header:ignore, 0, 0, 0
615, foolish:sacilite_palace, HEADING, header:ignore, 0, 0, 0
616, incendium:sanctum, HEADING, header:ignore, 0, 0, 0
617, netherexp:sanctum, HEADING, header:ignore, 0, 0, 0
618, netherexp:sanctum, MONSTER, netherexp:vessel, 20, 1, 2
619, netherexp:sanctum, MONSTER, netherexp:banshee, 20, 1, 1
620, netherexp:sanctum, MONSTER, netherexp:apparition, 20, 1, 1
621, block_factorys_bosses:sandworm_nest, HEADING, header:ignore, 0, 0, 0
622, mns:sandy_skull, HEADING, header:ignore, 0, 0, 0
623, foolish:scarlant_colony, HEADING, header:ignore, 0, 0, 0
624, foolish:scarlant_nest, HEADING, header:ignore, 0, 0, 0
625, dungeons_arise:scorched_mines, HEADING, header:ignore, 0, 0, 0
626, mythsandlegends:scorched_nest, HEADING, header:ignore, 0, 0, 0
627, ati_structures:sculk_deposit, HEADING, header:ignore, 0, 0, 0
628, goety:secluded_igloo, HEADING, header:ignore, 0, 0, 0
629, occult:shaded_hut, HEADING, header:ignore, 0, 0, 0
630, occult:shaded_ruins, HEADING, header:ignore, 0, 0, 0
631, occult:shaded_tower, HEADING, header:ignore, 0, 0, 0
632, mvs:shed, HEADING, header:ignore, 0, 0, 0
633, aquamirae:shelter, HEADING, header:ignore, 0, 0, 0
634, ocean_lily_pad_village:shepherd, HEADING, header:ignore, 0, 0, 0
635, aquamirae:ship, HEADING, header:ignore, 0, 0, 0
636, medieval_buildings:ship, HEADING, header:ignore, 0, 0, 0
637, medieval_nether:ship, HEADING, header:ignore, 0, 0, 0
638, minecraft:shipwreck, HEADING, header:ignore, 0, 0, 0
639, minecraft:shipwreck_beached, HEADING, header:ignore, 0, 0, 0
640, medieval_nether:shrine, HEADING, header:ignore, 0, 0, 0
641, mns:shrine, HEADING, header:ignore, 0, 0, 0
642, legendary_monsters:shulker_tower, HEADING, header:ignore, 0, 0, 0
643, ati_structures:silverfish_nest, HEADING, header:ignore, 0, 0, 0
644, ati_structures:sinking_temple, HEADING, header:ignore, 0, 0, 0
645, betterdungeons:skeleton_dungeon, HEADING, header:ignore, 0, 0, 0
646, legendary_monsters:skeletosaurus_nest, HEADING, header:ignore, 0, 0, 0
647, skyarena:sky_arena, HEADING, header:ignore, 0, 0, 0
648, mvs:small_acacia_lantern, HEADING, header:ignore, 0, 0, 0
649, mvs:small_bamboo_lantern, HEADING, header:ignore, 0, 0, 0
650, mvs:small_birch_lantern, HEADING, header:ignore, 0, 0, 0
651, mvs:small_campfire_lantern, HEADING, header:ignore, 0, 0, 0
652, mvs:small_cherry_lantern, HEADING, header:ignore, 0, 0, 0
653, mvs:small_copper_well, HEADING, header:ignore, 0, 0, 0
654, mvs:small_dark_oak_lantern, HEADING, header:ignore, 0, 0, 0
655, mss:small_deepslate_house, HEADING, header:ignore, 0, 0, 0
656, betterdungeons:small_dungeon, HEADING, header:ignore, 0, 0, 0
657, mvs:small_igloo, HEADING, header:ignore, 0, 0, 0
658, mvs:small_jungle_lantern, HEADING, header:ignore, 0, 0, 0
659, ati_structures:small_keep, HEADING, header:ignore, 0, 0, 0
660, mvs:small_mangrove_lantern, HEADING, header:ignore, 0, 0, 0
661, mns:small_nether_brick, HEADING, header:ignore, 0, 0, 0
662, betterdungeons:small_nether_dungeon, HEADING, header:ignore, 0, 0, 0
663, mss:small_oak_house, HEADING, header:ignore, 0, 0, 0
664, mvs:small_oak_lantern, HEADING, header:ignore, 0, 0, 0
665, mvs:small_oak_pond, HEADING, header:ignore, 0, 0, 0
666, mvs:small_pillager_tower, HEADING, header:ignore, 0, 0, 0
667, mss:small_pond, HEADING, header:ignore, 0, 0, 0
668, embers:small_ruin, HEADING, header:ignore, 0, 0, 0
669, embers:small_ruin, MONSTER, embers:ancient_golem, 8, 1, 1
670, mvs:small_ruin, HEADING, header:ignore, 0, 0, 0
671, mvs:small_ship, HEADING, header:ignore, 0, 0, 0
672, mvs:small_spruce_lantern, HEADING, header:ignore, 0, 0, 0
673, mvs:small_swamp_house, HEADING, header:ignore, 0, 0, 0
674, mss:small_tower, HEADING, header:ignore, 0, 0, 0
675, mvs:small_tower_well, HEADING, header:ignore, 0, 0, 0
676, mvs:small_well, HEADING, header:ignore, 0, 0, 0
677, mns:smoking_shrine, HEADING, header:ignore, 0, 0, 0
678, terramity:snow_fort, HEADING, header:ignore, 0, 0, 0
679, moresnifferflowers:snow_sniffer_temple, HEADING, header:ignore, 0, 0, 0
680, mvs:snowy_dog_hut, HEADING, header:ignore, 0, 0, 0
681, mvs:snowy_fossil, HEADING, header:ignore, 0, 0, 0
682, red:snowy_oracle, HEADING, header:ignore, 0, 0, 0
683, windswept:snowy_pine_totem, HEADING, header:ignore, 0, 0, 0
684, mvs:snowy_well, HEADING, header:ignore, 0, 0, 0
685, alexscaves:soda_bottle, HEADING, header:ignore, 0, 0, 0
686, cataclysm:soul_black_smith, HEADING, header:ignore, 0, 0, 0
687, mns:soul_fire, HEADING, header:ignore, 0, 0, 0
688, legendary_monsters:soul_fortress_remains, HEADING, header:ignore, 0, 0, 0
689, species:spectralibur_chamber, HEADING, header:ignore, 0, 0, 0
690, red:sphinx, HEADING, header:ignore, 0, 0, 0
691, goety:spider_den, HEADING, header:ignore, 0, 0, 0
692, goety:spider_den, MONSTER, goety:web_spider, 20, 1, 1
693, betterdungeons:spider_dungeon, HEADING, header:ignore, 0, 0, 0
694, ati_structures:spider_nest, HEADING, header:ignore, 0, 0, 0
695, lios_outlandish_villages:spiral_tower_village, HEADING, header:ignore, 0, 0, 0
696, lios_outlandish_villages:spiral_tower_village_sea, HEADING, header:ignore, 0, 0, 0
697, mss:spruce_huts, HEADING, header:ignore, 0, 0, 0
698, mvs:spruce_log_pile, HEADING, header:ignore, 0, 0, 0
699, verdantvibes:spruce_overgrown_hut, HEADING, header:ignore, 0, 0, 0
700, mvs:spruce_tree, HEADING, header:ignore, 0, 0, 0
701, mvs:spruce_well, HEADING, header:ignore, 0, 0, 0
702, ocean_lily_pad_village:stable, HEADING, header:ignore, 0, 0, 0
703, ars_nouveau:stalker_wilden_den, HEADING, header:ignore, 0, 0, 0
704, ars_nouveau:stalker_wilden_den, MONSTER, ars_nouveau:wilden_stalker, 20, 3, 3
705, ars_elemental:starbuncle_shrine, HEADING, header:ignore, 0, 0, 0
706, sgjourney:stargate/classic/pedestal/stargate_pedestal, HEADING, header:ignore, 0, 0, 0
707, sgjourney:stargate/milky_way/buried/buried_stargate, HEADING, header:ignore, 0, 0, 0
708, sgjourney:stargate/milky_way/buried/buried_stargate_badlands, HEADING, header:ignore, 0, 0, 0
709, sgjourney:stargate/milky_way/buried/buried_stargate_desert, HEADING, header:ignore, 0, 0, 0
710, common_stargates:stargate/milky_way/pedestal/stargate_pedestal, HEADING, header:ignore, 0, 0, 0
711, sgjourney:stargate/milky_way/pedestal/stargate_pedestal, HEADING, header:ignore, 0, 0, 0
712, common_stargates:stargate/milky_way/pedestal/stargate_pedestal_badlands, HEADING, header:ignore, 0, 0, 0
713, sgjourney:stargate/milky_way/pedestal/stargate_pedestal_badlands, HEADING, header:ignore, 0, 0, 0
714, common_stargates:stargate/milky_way/pedestal/stargate_pedestal_basalt, HEADING, header:ignore, 0, 0, 0
715, sgjourney:stargate/milky_way/pedestal/stargate_pedestal_cavum_tenebrae, HEADING, header:ignore, 0, 0, 0
716, sgjourney:stargate/milky_way/pedestal/stargate_pedestal_chulak, HEADING, header:ignore, 0, 0, 0
717, common_stargates:stargate/milky_way/pedestal/stargate_pedestal_deep_dark, HEADING, header:ignore, 0, 0, 0
718, sgjourney:stargate/milky_way/pedestal/stargate_pedestal_deep_dark, HEADING, header:ignore, 0, 0, 0
719, common_stargates:stargate/milky_way/pedestal/stargate_pedestal_deepslate, HEADING, header:ignore, 0, 0, 0
720, sgjourney:stargate/milky_way/pedestal/stargate_pedestal_deepslate, HEADING, header:ignore, 0, 0, 0
721, common_stargates:stargate/milky_way/pedestal/stargate_pedestal_desert, HEADING, header:ignore, 0, 0, 0
722, sgjourney:stargate/milky_way/pedestal/stargate_pedestal_desert, HEADING, header:ignore, 0, 0, 0
723, sgjourney:stargate/milky_way/pedestal/stargate_pedestal_glacio, HEADING, header:ignore, 0, 0, 0
724, common_stargates:stargate/milky_way/pedestal/stargate_pedestal_jungle, HEADING, header:ignore, 0, 0, 0
725, sgjourney:stargate/milky_way/pedestal/stargate_pedestal_jungle, HEADING, header:ignore, 0, 0, 0
726, common_stargates:stargate/milky_way/pedestal/stargate_pedestal_mushroom, HEADING, header:ignore, 0, 0, 0
727, sgjourney:stargate/milky_way/pedestal/stargate_pedestal_mushroom, HEADING, header:ignore, 0, 0, 0
728, common_stargates:stargate/milky_way/pedestal/stargate_pedestal_nether, HEADING, header:ignore, 0, 0, 0
729, sgjourney:stargate/milky_way/pedestal/stargate_pedestal_rima, HEADING, header:ignore, 0, 0, 0
730, common_stargates:stargate/milky_way/pedestal/stargate_pedestal_snow, HEADING, header:ignore, 0, 0, 0
731, sgjourney:stargate/milky_way/pedestal/stargate_pedestal_snow, HEADING, header:ignore, 0, 0, 0
732, common_stargates:stargate/milky_way/pedestal/stargate_pedestal_soul_sand, HEADING, header:ignore, 0, 0, 0
733, sgjourney:stargate/milky_way/pedestal/stargate_pedestal_unitas, HEADING, header:ignore, 0, 0, 0
734, sgjourney:stargate/milky_way/temple/abydos_pyramid, HEADING, header:ignore, 0, 0, 0
735, sgjourney:stargate/milky_way/temple/great_pyramid, HEADING, header:ignore, 0, 0, 0
736, sgjourney:stargate/milky_way/temple/stargate_temple_nether, HEADING, header:ignore, 0, 0, 0
737, sgjourney:stargate/milky_way/terra_stargate, HEADING, header:ignore, 0, 0, 0
738, sgjourney:stargate/pegasus/outpost/lantean_outpost_ocean, HEADING, header:ignore, 0, 0, 0
739, common_stargates:stargate/pegasus/outpost/pegasus_stargate_outpost, HEADING, header:ignore, 0, 0, 0
740, sgjourney:stargate/pegasus/pegasus_stargate, HEADING, header:ignore, 0, 0, 0
741, common_stargates:stargate/pegasus/pegasus_stargate_grass, HEADING, header:ignore, 0, 0, 0
742, sgjourney:stargate/universe/destiny, HEADING, header:ignore, 0, 0, 0
743, common_stargates:stargate/universe/pedestal/stargate_pedestal_end, HEADING, header:ignore, 0, 0, 0
744, sgjourney:stargate/universe/pedestal/universe_stargate_pedestal_island_end, HEADING, header:ignore, 0, 0, 0
745, mes:starlight_voyager, HEADING, header:ignore, 0, 0, 0
746, masiks_puzzle_dungeon:start, HEADING, header:ignore, 0, 0, 0
747, red:statue, HEADING, header:ignore, 0, 0, 0
748, red:statue2, HEADING, header:ignore, 0, 0, 0
749, mvs:statue_ruins, HEADING, header:ignore, 0, 0, 0
750, ati_structures:steam_house, HEADING, header:ignore, 0, 0, 0
751, foolish:stellar_portal_structure, HEADING, header:ignore, 0, 0, 0
752, mvs:stone_fountain, HEADING, header:ignore, 0, 0, 0
753, mvs:stone_pillars, HEADING, header:ignore, 0, 0, 0
754, mvs:stone_rock, HEADING, header:ignore, 0, 0, 0
755, ati_structures:storage_house, HEADING, header:ignore, 0, 0, 0
756, ati_structures:storage_shack, HEADING, header:ignore, 0, 0, 0
757, ati_structures:stray_ruins, HEADING, header:ignore, 0, 0, 0
758, integrated_stronghold:stronghold, HEADING, header:ignore, 0, 0, 0
759, integrated_stronghold:stronghold, MONSTER, goety:necromancer, 20, 1, 1
760, minecraft:stronghold, HEADING, header:ignore, 0, 0, 0
761, minecraft:stronghold, MONSTER, goety:necromancer, 20, 1, 1
762, terramity:subterranean_shrine, HEADING, header:ignore, 0, 0, 0
763, cataclysm:sunken_city, HEADING, header:ignore, 0, 0, 0
764, mvs:sunzi_gate, HEADING, header:ignore, 0, 0, 0
765, explorify:supply_cache/birch, HEADING, header:ignore, 0, 0, 0
766, explorify:supply_cache/dark, HEADING, header:ignore, 0, 0, 0
767, explorify:supply_cache/desert, HEADING, header:ignore, 0, 0, 0
768, explorify:supply_cache/forest, HEADING, header:ignore, 0, 0, 0
769, explorify:supply_cache/jungle, HEADING, header:ignore, 0, 0, 0
770, explorify:supply_cache/mangrove, HEADING, header:ignore, 0, 0, 0
771, explorify:supply_cache/taiga, HEADING, header:ignore, 0, 0, 0
772, terramity:suspicious_shrine, HEADING, header:ignore, 0, 0, 0
773, minecraft:swamp_hut, HEADING, header:ignore, 0, 0, 0
774, red:swamp_pillager, HEADING, header:ignore, 0, 0, 0
775, red:swamp_pillager_mangrove, HEADING, header:ignore, 0, 0, 0
776, mns:sword, HEADING, header:ignore, 0, 0, 0
777, terramity:sword_shrine, HEADING, header:ignore, 0, 0, 0
778, mss:taiga, HEADING, header:ignore, 0, 0, 0
779, red:taiga_deforestation, HEADING, header:ignore, 0, 0, 0
780, mvs:tall_house, HEADING, header:ignore, 0, 0, 0
781, ati_structures:tavern, HEADING, header:ignore, 0, 0, 0
782, explorify:tavern, HEADING, header:ignore, 0, 0, 0
783, ocean_lily_pad_village:temple, HEADING, header:ignore, 0, 0, 0
784, dungeonnowloading:temple_of_duality, HEADING, header:ignore, 0, 0, 0
785, dungeons_arise:thornborn_towers, HEADING, header:ignore, 0, 0, 0
786, underground_rooms:throne_room, HEADING, header:ignore, 0, 0, 0
787, foolish:thunder_tower, HEADING, header:ignore, 0, 0, 0
788, ocean_lily_pad_village:toolsmith, HEADING, header:ignore, 0, 0, 0
789, underground_rooms:torture_chamber, HEADING, header:ignore, 0, 0, 0
790, medieval_buildings:tower, HEADING, header:ignore, 0, 0, 0
791, foolish:toxic_waste_deposit, HEADING, header:ignore, 0, 0, 0
792, foolish:toxic_wreckage, HEADING, header:ignore, 0, 0, 0
793, minecraft:trail_ruins, HEADING, header:ignore, 0, 0, 0
794, mns:train, HEADING, header:ignore, 0, 0, 0
795, underground_rooms:treasure_room, HEADING, header:ignore, 0, 0, 0
796, mss:tree_1, HEADING, header:ignore, 0, 0, 0
797, mss:tree_2, HEADING, header:ignore, 0, 0, 0
798, mss:tree_3, HEADING, header:ignore, 0, 0, 0
799, mss:tree_4, HEADING, header:ignore, 0, 0, 0
800, mss:tree_5, HEADING, header:ignore, 0, 0, 0
801, mss:tree_6, HEADING, header:ignore, 0, 0, 0
802, mss:tree_7, HEADING, header:ignore, 0, 0, 0
803, mss:tree_8, HEADING, header:ignore, 0, 0, 0
804, mvs:tree_monument, HEADING, header:ignore, 0, 0, 0
805, foolish:tremor_nest, HEADING, header:ignore, 0, 0, 0
806, terramity:trial_spire, HEADING, header:ignore, 0, 0, 0
807, foolish:turmoil_camp_1, HEADING, header:ignore, 0, 0, 0
808, foolish:turmoil_camp_2, HEADING, header:ignore, 0, 0, 0
809, foolish:turmoil_camp_3, HEADING, header:ignore, 0, 0, 0
810, dungeons_arise:typhon, HEADING, header:ignore, 0, 0, 0
811, mowziesmobs:umvuthana_grove, HEADING, header:ignore, 0, 0, 0
812, underground_rooms:undead_main_room, HEADING, header:ignore, 0, 0, 0
813, alexscaves:underground_cabin, HEADING, header:ignore, 0, 0, 0
814, ati_structures:underground_monument, HEADING, header:ignore, 0, 0, 0
815, ati_structures:underwater_dungeon, HEADING, header:ignore, 0, 0, 0
816, block_factorys_bosses:underworld_arena, HEADING, header:ignore, 0, 0, 0
817, block_factorys_bosses:underworld_arena, MONSTER, block_factorys_bosses:soul_skeleton, 20, 1, 3
818, block_factorys_bosses:underworld_arena, MONSTER, block_factorys_bosses:soul_knight_wither_skeleton, 20, 1, 3
819, ad_astra:venus_bullet, HEADING, header:ignore, 0, 0, 0
820, mns:very_small_blackstone, HEADING, header:ignore, 0, 0, 0
821, mns:very_small_blackstone_2, HEADING, header:ignore, 0, 0, 0
822, mns:very_small_blackstone_3, HEADING, header:ignore, 0, 0, 0
823, mns:very_small_blackstone_4, HEADING, header:ignore, 0, 0, 0
824, mns:very_small_nether_brick, HEADING, header:ignore, 0, 0, 0
825, mns:very_small_nether_brick_2, HEADING, header:ignore, 0, 0, 0
826, mns:very_small_nether_brick_3, HEADING, header:ignore, 0, 0, 0
827, minecraft:village_desert, HEADING, header:ignore, 0, 0, 0
828, windswept:village_frozen, HEADING, header:ignore, 0, 0, 0
829, minecraft:village_plains, HEADING, header:ignore, 0, 0, 0
830, minecraft:village_savanna, HEADING, header:ignore, 0, 0, 0
831, minecraft:village_snowy, HEADING, header:ignore, 0, 0, 0
832, minecraft:village_taiga, HEADING, header:ignore, 0, 0, 0
833, ati_structures:villager_inn, HEADING, header:ignore, 0, 0, 0
834, mvs:villager_statue, HEADING, header:ignore, 0, 0, 0
835, bosses_of_mass_destruction:void_blossom, HEADING, header:ignore, 0, 0, 0
836, traveloptics:void_cathedral, HEADING, header:ignore, 0, 0, 0
837, alexscaves:volcano, HEADING, header:ignore, 0, 0, 0
838, mss:volcano, HEADING, header:ignore, 0, 0, 0
839, minecraft:volcano_fortress, HEADING, header:ignore, 0, 0, 0
840, ati_structures:warden_monument, HEADING, header:ignore, 0, 0, 0
841, mns:warped_dome, HEADING, header:ignore, 0, 0, 0
842, legendary_monsters:warped_fungussus_nest, HEADING, header:ignore, 0, 0, 0
843, mvs:warped_house, HEADING, header:ignore, 0, 0, 0
844, mns:warped_pool, HEADING, header:ignore, 0, 0, 0
845, hearths:warped_tower, HEADING, header:ignore, 0, 0, 0
846, ocean_lily_pad_village:watchtower, HEADING, header:ignore, 0, 0, 0
847, explorify:watchtower/plains, HEADING, header:ignore, 0, 0, 0
848, explorify:watchtower/savanna, HEADING, header:ignore, 0, 0, 0
849, explorify:watchtower/taiga, HEADING, header:ignore, 0, 0, 0
850, supplementaries:way_sign, HEADING, header:ignore, 0, 0, 0
851, mvs:well, HEADING, header:ignore, 0, 0, 0
852, mvs:wheat_grain_bin, HEADING, header:ignore, 0, 0, 0
853, mss:white_house, HEADING, header:ignore, 0, 0, 0
854, goety:wind_shrine, HEADING, header:ignore, 0, 0, 0
855, mvs:windmill, HEADING, header:ignore, 0, 0, 0
856, underground_rooms:wine_cellar, HEADING, header:ignore, 0, 0, 0
857, epic:witch_hut, HEADING, header:ignore, 0, 0, 0
858, hexerei:witch_hut, HEADING, header:ignore, 0, 0, 0
859, ati_structures:wither_cavern, HEADING, header:ignore, 0, 0, 0
860, ati_structures:wither_keep, HEADING, header:ignore, 0, 0, 0
861, mvs:wooden_wheat_farm, HEADING, header:ignore, 0, 0, 0
862, ati_structures:woodland_keep, HEADING, header:ignore, 0, 0, 0
863, species:wraptor_coop, HEADING, header:ignore, 0, 0, 0
864, mowziesmobs:wrought_chamber, HEADING, header:ignore, 0, 0, 0
865, block_factorys_bosses:yeti_hideout, HEADING, header:ignore, 0, 0, 0
866, betterdungeons:zombie_dungeon, HEADING, header:ignore, 0, 0, 0
